main.c:83:6:HAL_TIM_PWM_PulseFinishedCallback	16	static
main.c:95:6:LED_set	16	static
main.c:102:6:LED_set_brightness	32	static
main.c:124:6:LED_send	24	static
main.c:159:6:static_mode	24	static
main.c:170:6:dragon_breath_mode	24	static
main.c:181:6:rainbow_mode	4	static
main.c:185:6:set_mode	16	static
main.c:216:5:main	24	static
main.c:295:6:SystemClock_Config	72	static
main.c:331:13:MX_TIM3_Init	48	static
main.c:378:13:MX_USART2_UART_Init	8	static
main.c:407:13:MX_DMA_Init	16	static
main.c:424:13:MX_GPIO_Init	40	static
main.c:463:6:Error_Handler	4	static,ignoring_inline_asm
